device="NVIDIA GeForce RTX 5090" cc=12.0 sm_count=170 reported_clock_mhz=2407 driver_api=13000 ptx=9.1 target=sm_120a sass_audit=yes sass_gates_execution=no sass_tool_ok=yes output_dir="results/20260919T082444Z_NVIDIA_GeForce_RTX_5090"
PASS name=dense/fp8/k16/e4m3xe4m3/acc-f16 peak_logical_tflops=508.153 best_ms=5.613 sass=SASS_OK sass_family=QMMA
PASS name=dense/fp8/k16/e4m3xe4m3/acc-f32 peak_logical_tflops=255.427 best_ms=11.166 sass=SASS_OK sass_family=QMMA
PASS name=dense/fp8/k16/e4m3xe5m2/acc-f16 peak_logical_tflops=508.193 best_ms=5.612 sass=SASS_OK sass_family=QMMA
PASS name=dense/fp8/k16/e4m3xe5m2/acc-f32 peak_logical_tflops=255.328 best_ms=11.170 sass=SASS_OK sass_family=QMMA
PASS name=dense/fp8/k16/e5m2xe4m3/acc-f16 peak_logical_tflops=508.158 best_ms=5.613 sass=SASS_OK sass_family=QMMA
PASS name=dense/fp8/k16/e5m2xe4m3/acc-f32 peak_logical_tflops=255.257 best_ms=11.174 sass=SASS_OK sass_family=QMMA
PASS name=dense/fp8/k16/e5m2xe5m2/acc-f16 peak_logical_tflops=508.167 best_ms=5.613 sass=SASS_OK sass_family=QMMA
PASS name=dense/fp8/k16/e5m2xe5m2/acc-f32 peak_logical_tflops=255.278 best_ms=11.173 sass=SASS_OK sass_family=QMMA
PASS name=dense/fp8/k32/e4m3xe4m3/acc-f16 peak_logical_tflops=1010.046 best_ms=5.648 sass=SASS_OK sass_family=QMMA
PASS name=dense/fp8/k32/e4m3xe4m3/acc-f32 peak_logical_tflops=510.057 best_ms=11.184 sass=SASS_OK sass_family=QMMA
PASS name=dense/fp8/k32/e4m3xe5m2/acc-f16 peak_logical_tflops=1010.263 best_ms=5.646 sass=SASS_OK sass_family=QMMA
PASS name=dense/fp8/k32/e4m3xe5m2/acc-f32 peak_logical_tflops=510.038 best_ms=11.184 sass=SASS_OK sass_family=QMMA
PASS name=dense/fp8/k32/e5m2xe4m3/acc-f16 peak_logical_tflops=1010.320 best_ms=5.646 sass=SASS_OK sass_family=QMMA
PASS name=dense/fp8/k32/e5m2xe4m3/acc-f32 peak_logical_tflops=510.125 best_ms=11.182 sass=SASS_OK sass_family=QMMA
PASS name=dense/fp8/k32/e5m2xe5m2/acc-f16 peak_logical_tflops=1010.051 best_ms=5.647 sass=SASS_OK sass_family=QMMA
PASS name=dense/fp8/k32/e5m2xe5m2/acc-f32 peak_logical_tflops=510.116 best_ms=11.182 sass=SASS_OK sass_family=QMMA
PASS name=dense/f8f6f4/e4m3xe4m3/acc-f16 peak_logical_tflops=1010.429 best_ms=5.645 sass=SASS_OK sass_family=QMMA
PASS name=dense/f8f6f4/e4m3xe4m3/acc-f32 peak_logical_tflops=510.279 best_ms=11.179 sass=SASS_OK sass_family=QMMA
PASS name=dense/f8f6f4/e4m3xe5m2/acc-f16 peak_logical_tflops=1010.412 best_ms=5.645 sass=SASS_OK sass_family=QMMA
PASS name=dense/f8f6f4/e4m3xe5m2/acc-f32 peak_logical_tflops=510.012 best_ms=11.185 sass=SASS_OK sass_family=QMMA
PASS name=dense/f8f6f4/e4m3xe3m2/acc-f16 peak_logical_tflops=1010.458 best_ms=5.645 sass=SASS_OK sass_family=QMMA
PASS name=dense/f8f6f4/e4m3xe3m2/acc-f32 peak_logical_tflops=510.430 best_ms=11.175 sass=SASS_OK sass_family=QMMA
PASS name=dense/f8f6f4/e4m3xe2m3/acc-f16 peak_logical_tflops=1010.401 best_ms=5.646 sass=SASS_OK sass_family=QMMA
PASS name=dense/f8f6f4/e4m3xe2m3/acc-f32 peak_logical_tflops=510.098 best_ms=11.183 sass=SASS_OK sass_family=QMMA
PASS name=dense/f8f6f4/e4m3xe2m1/acc-f16 peak_logical_tflops=1010.057 best_ms=5.647 sass=SASS_OK sass_family=QMMA
PASS name=dense/f8f6f4/e4m3xe2m1/acc-f32 peak_logical_tflops=510.420 best_ms=11.176 sass=SASS_OK sass_family=QMMA
PASS name=dense/f8f6f4/e5m2xe4m3/acc-f16 peak_logical_tflops=1010.435 best_ms=5.645 sass=SASS_OK sass_family=QMMA
PASS name=dense/f8f6f4/e5m2xe4m3/acc-f32 peak_logical_tflops=509.920 best_ms=11.187 sass=SASS_OK sass_family=QMMA
PASS name=dense/f8f6f4/e5m2xe5m2/acc-f16 peak_logical_tflops=1010.406 best_ms=5.646 sass=SASS_OK sass_family=QMMA
PASS name=dense/f8f6f4/e5m2xe5m2/acc-f32 peak_logical_tflops=509.970 best_ms=11.185 sass=SASS_OK sass_family=QMMA
PASS name=dense/f8f6f4/e5m2xe3m2/acc-f16 peak_logical_tflops=1010.418 best_ms=5.645 sass=SASS_OK sass_family=QMMA
PASS name=dense/f8f6f4/e5m2xe3m2/acc-f32 peak_logical_tflops=510.335 best_ms=11.177 sass=SASS_OK sass_family=QMMA
PASS name=dense/f8f6f4/e5m2xe2m3/acc-f16 peak_logical_tflops=1010.802 best_ms=5.643 sass=SASS_OK sass_family=QMMA
PASS name=dense/f8f6f4/e5m2xe2m3/acc-f32 peak_logical_tflops=510.009 best_ms=11.185 sass=SASS_OK sass_family=QMMA
PASS name=dense/f8f6f4/e5m2xe2m1/acc-f16 peak_logical_tflops=1010.607 best_ms=5.644 sass=SASS_OK sass_family=QMMA
PASS name=dense/f8f6f4/e5m2xe2m1/acc-f32 peak_logical_tflops=510.425 best_ms=11.175 sass=SASS_OK sass_family=QMMA
PASS name=dense/f8f6f4/e3m2xe4m3/acc-f16 peak_logical_tflops=1010.475 best_ms=5.645 sass=SASS_OK sass_family=QMMA
PASS name=dense/f8f6f4/e3m2xe4m3/acc-f32 peak_logical_tflops=510.065 best_ms=11.183 sass=SASS_OK sass_family=QMMA
PASS name=dense/f8f6f4/e3m2xe5m2/acc-f16 peak_logical_tflops=1010.275 best_ms=5.646 sass=SASS_OK sass_family=QMMA
PASS name=dense/f8f6f4/e3m2xe5m2/acc-f32 peak_logical_tflops=510.398 best_ms=11.176 sass=SASS_OK sass_family=QMMA
PASS name=dense/f8f6f4/e3m2xe3m2/acc-f16 peak_logical_tflops=510.520 best_ms=11.173 sass=SASS_OK sass_family=QMMA
PASS name=dense/f8f6f4/e3m2xe3m2/acc-f32 peak_logical_tflops=510.478 best_ms=11.174 sass=SASS_OK sass_family=QMMA
PASS name=dense/f8f6f4/e3m2xe2m3/acc-f16 peak_logical_tflops=510.665 best_ms=11.170 sass=SASS_OK sass_family=QMMA
PASS name=dense/f8f6f4/e3m2xe2m3/acc-f32 peak_logical_tflops=510.475 best_ms=11.174 sass=SASS_OK sass_family=QMMA
PASS name=dense/f8f6f4/e3m2xe2m1/acc-f16 peak_logical_tflops=510.665 best_ms=11.170 sass=SASS_OK sass_family=QMMA
PASS name=dense/f8f6f4/e3m2xe2m1/acc-f32 peak_logical_tflops=510.576 best_ms=11.172 sass=SASS_OK sass_family=QMMA
PASS name=dense/f8f6f4/e2m3xe4m3/acc-f16 peak_logical_tflops=1010.802 best_ms=5.643 sass=SASS_OK sass_family=QMMA
PASS name=dense/f8f6f4/e2m3xe4m3/acc-f32 peak_logical_tflops=510.389 best_ms=11.176 sass=SASS_OK sass_family=QMMA
PASS name=dense/f8f6f4/e2m3xe5m2/acc-f16 peak_logical_tflops=1010.510 best_ms=5.645 sass=SASS_OK sass_family=QMMA
PASS name=dense/f8f6f4/e2m3xe5m2/acc-f32 peak_logical_tflops=510.079 best_ms=11.183 sass=SASS_OK sass_family=QMMA
PASS name=dense/f8f6f4/e2m3xe3m2/acc-f16 peak_logical_tflops=510.639 best_ms=11.171 sass=SASS_OK sass_family=QMMA
PASS name=dense/f8f6f4/e2m3xe3m2/acc-f32 peak_logical_tflops=510.368 best_ms=11.177 sass=SASS_OK sass_family=QMMA
PASS name=dense/f8f6f4/e2m3xe2m3/acc-f16 peak_logical_tflops=510.459 best_ms=11.175 sass=SASS_OK sass_family=QMMA
PASS name=dense/f8f6f4/e2m3xe2m3/acc-f32 peak_logical_tflops=510.393 best_ms=11.176 sass=SASS_OK sass_family=QMMA
PASS name=dense/f8f6f4/e2m3xe2m1/acc-f16 peak_logical_tflops=510.754 best_ms=11.168 sass=SASS_OK sass_family=QMMA
PASS name=dense/f8f6f4/e2m3xe2m1/acc-f32 peak_logical_tflops=510.564 best_ms=11.172 sass=SASS_OK sass_family=QMMA
PASS name=dense/f8f6f4/e2m1xe4m3/acc-f16 peak_logical_tflops=1010.424 best_ms=5.645 sass=SASS_OK sass_family=QMMA
PASS name=dense/f8f6f4/e2m1xe4m3/acc-f32 peak_logical_tflops=510.275 best_ms=11.179 sass=SASS_OK sass_family=QMMA
PASS name=dense/f8f6f4/e2m1xe5m2/acc-f16 peak_logical_tflops=1010.429 best_ms=5.645 sass=SASS_OK sass_family=QMMA
PASS name=dense/f8f6f4/e2m1xe5m2/acc-f32 peak_logical_tflops=510.190 best_ms=11.181 sass=SASS_OK sass_family=QMMA
PASS name=dense/f8f6f4/e2m1xe3m2/acc-f16 peak_logical_tflops=510.382 best_ms=11.176 sass=SASS_OK sass_family=QMMA
PASS name=dense/f8f6f4/e2m1xe3m2/acc-f32 peak_logical_tflops=510.110 best_ms=11.182 sass=SASS_OK sass_family=QMMA
PASS name=dense/f8f6f4/e2m1xe2m3/acc-f16 peak_logical_tflops=510.662 best_ms=11.170 sass=SASS_OK sass_family=QMMA
PASS name=dense/f8f6f4/e2m1xe2m3/acc-f32 peak_logical_tflops=510.490 best_ms=11.174 sass=SASS_OK sass_family=QMMA
PASS name=dense/f8f6f4/e2m1xe2m1/acc-f16 peak_logical_tflops=510.475 best_ms=11.174 sass=SASS_OK sass_family=QMMA
PASS name=dense/f8f6f4/e2m1xe2m1/acc-f32 peak_logical_tflops=507.989 best_ms=11.229 sass=SASS_OK sass_family=QMMA
PASS name=dense/mxf8f6f4/e4m3xe4m3/ue8m0-1X peak_logical_tflops=1006.067 best_ms=5.670 sass=SASS_OK sass_family=QMMA.SF
PASS name=dense/mxf8f6f4/e4m3xe4m3/ue8m0-default-1X peak_logical_tflops=1001.708 best_ms=5.695 sass=SASS_OK sass_family=QMMA.SF
PASS name=dense/mxf8f6f4/e4m3xe5m2/ue8m0-1X peak_logical_tflops=1005.380 best_ms=5.674 sass=SASS_OK sass_family=QMMA.SF
PASS name=dense/mxf8f6f4/e4m3xe5m2/ue8m0-default-1X peak_logical_tflops=1005.329 best_ms=5.674 sass=SASS_OK sass_family=QMMA.SF
PASS name=dense/mxf8f6f4/e4m3xe3m2/ue8m0-1X peak_logical_tflops=1001.348 best_ms=5.697 sass=SASS_OK sass_family=QMMA.SF
PASS name=dense/mxf8f6f4/e4m3xe3m2/ue8m0-default-1X peak_logical_tflops=1001.691 best_ms=5.695 sass=SASS_OK sass_family=QMMA.SF
PASS name=dense/mxf8f6f4/e4m3xe2m3/ue8m0-1X peak_logical_tflops=1001.331 best_ms=5.697 sass=SASS_OK sass_family=QMMA.SF
PASS name=dense/mxf8f6f4/e4m3xe2m3/ue8m0-default-1X peak_logical_tflops=1001.342 best_ms=5.697 sass=SASS_OK sass_family=QMMA.SF
PASS name=dense/mxf8f6f4/e4m3xe2m1/ue8m0-1X peak_logical_tflops=1001.697 best_ms=5.695 sass=SASS_OK sass_family=QMMA.SF
PASS name=dense/mxf8f6f4/e4m3xe2m1/ue8m0-default-1X peak_logical_tflops=1001.342 best_ms=5.697 sass=SASS_OK sass_family=QMMA.SF
PASS name=dense/mxf8f6f4/e5m2xe4m3/ue8m0-1X peak_logical_tflops=1002.040 best_ms=5.693 sass=SASS_OK sass_family=QMMA.SF
PASS name=dense/mxf8f6f4/e5m2xe4m3/ue8m0-default-1X peak_logical_tflops=1001.702 best_ms=5.695 sass=SASS_OK sass_family=QMMA.SF
PASS name=dense/mxf8f6f4/e5m2xe5m2/ue8m0-1X peak_logical_tflops=1001.702 best_ms=5.695 sass=SASS_OK sass_family=QMMA.SF
PASS name=dense/mxf8f6f4/e5m2xe5m2/ue8m0-default-1X peak_logical_tflops=1001.691 best_ms=5.695 sass=SASS_OK sass_family=QMMA.SF
PASS name=dense/mxf8f6f4/e5m2xe3m2/ue8m0-1X peak_logical_tflops=1002.074 best_ms=5.692 sass=SASS_OK sass_family=QMMA.SF
PASS name=dense/mxf8f6f4/e5m2xe3m2/ue8m0-default-1X peak_logical_tflops=1001.713 best_ms=5.694 sass=SASS_OK sass_family=QMMA.SF
PASS name=dense/mxf8f6f4/e5m2xe2m3/ue8m0-1X peak_logical_tflops=1001.730 best_ms=5.694 sass=SASS_OK sass_family=QMMA.SF
PASS name=dense/mxf8f6f4/e5m2xe2m3/ue8m0-default-1X peak_logical_tflops=1001.742 best_ms=5.694 sass=SASS_OK sass_family=QMMA.SF
PASS name=dense/mxf8f6f4/e5m2xe2m1/ue8m0-1X peak_logical_tflops=1001.916 best_ms=5.693 sass=SASS_OK sass_family=QMMA.SF
PASS name=dense/mxf8f6f4/e5m2xe2m1/ue8m0-default-1X peak_logical_tflops=1001.713 best_ms=5.694 sass=SASS_OK sass_family=QMMA.SF
PASS name=dense/mxf8f6f4/e3m2xe4m3/ue8m0-1X peak_logical_tflops=1001.336 best_ms=5.697 sass=SASS_OK sass_family=QMMA.SF
PASS name=dense/mxf8f6f4/e3m2xe4m3/ue8m0-default-1X peak_logical_tflops=1001.702 best_ms=5.695 sass=SASS_OK sass_family=QMMA.SF
PASS name=dense/mxf8f6f4/e3m2xe5m2/ue8m0-1X peak_logical_tflops=1001.691 best_ms=5.695 sass=SASS_OK sass_family=QMMA.SF
PASS name=dense/mxf8f6f4/e3m2xe5m2/ue8m0-default-1X peak_logical_tflops=1001.708 best_ms=5.695 sass=SASS_OK sass_family=QMMA.SF
PASS name=dense/mxf8f6f4/e3m2xe3m2/ue8m0-1X peak_logical_tflops=507.519 best_ms=11.239 sass=SASS_OK sass_family=QMMA.SF
PASS name=dense/mxf8f6f4/e3m2xe3m2/ue8m0-default-1X peak_logical_tflops=507.526 best_ms=11.239 sass=SASS_OK sass_family=QMMA.SF
PASS name=dense/mxf8f6f4/e3m2xe2m3/ue8m0-1X peak_logical_tflops=507.425 best_ms=11.242 sass=SASS_OK sass_family=QMMA.SF
PASS name=dense/mxf8f6f4/e3m2xe2m3/ue8m0-default-1X peak_logical_tflops=507.519 best_ms=11.239 sass=SASS_OK sass_family=QMMA.SF
PASS name=dense/mxf8f6f4/e3m2xe2m1/ue8m0-1X peak_logical_tflops=507.559 best_ms=11.239 sass=SASS_OK sass_family=QMMA.SF
PASS name=dense/mxf8f6f4/e3m2xe2m1/ue8m0-default-1X peak_logical_tflops=507.523 best_ms=11.239 sass=SASS_OK sass_family=QMMA.SF
PASS name=dense/mxf8f6f4/e2m3xe4m3/ue8m0-1X peak_logical_tflops=1001.348 best_ms=5.697 sass=SASS_OK sass_family=QMMA.SF
PASS name=dense/mxf8f6f4/e2m3xe4m3/ue8m0-default-1X peak_logical_tflops=1001.348 best_ms=5.697 sass=SASS_OK sass_family=QMMA.SF
PASS name=dense/mxf8f6f4/e2m3xe5m2/ue8m0-1X peak_logical_tflops=1001.680 best_ms=5.695 sass=SASS_OK sass_family=QMMA.SF
PASS name=dense/mxf8f6f4/e2m3xe5m2/ue8m0-default-1X peak_logical_tflops=1001.708 best_ms=5.695 sass=SASS_OK sass_family=QMMA.SF
PASS name=dense/mxf8f6f4/e2m3xe3m2/ue8m0-1X peak_logical_tflops=507.520 best_ms=11.239 sass=SASS_OK sass_family=QMMA.SF
PASS name=dense/mxf8f6f4/e2m3xe3m2/ue8m0-default-1X peak_logical_tflops=507.522 best_ms=11.239 sass=SASS_OK sass_family=QMMA.SF
PASS name=dense/mxf8f6f4/e2m3xe2m3/ue8m0-1X peak_logical_tflops=507.497 best_ms=11.240 sass=SASS_OK sass_family=QMMA.SF
PASS name=dense/mxf8f6f4/e2m3xe2m3/ue8m0-default-1X peak_logical_tflops=507.614 best_ms=11.237 sass=SASS_OK sass_family=QMMA.SF
PASS name=dense/mxf8f6f4/e2m3xe2m1/ue8m0-1X peak_logical_tflops=507.614 best_ms=11.237 sass=SASS_OK sass_family=QMMA.SF
PASS name=dense/mxf8f6f4/e2m3xe2m1/ue8m0-default-1X peak_logical_tflops=507.577 best_ms=11.238 sass=SASS_OK sass_family=QMMA.SF
PASS name=dense/mxf8f6f4/e2m1xe4m3/ue8m0-1X peak_logical_tflops=1001.353 best_ms=5.697 sass=SASS_OK sass_family=QMMA.SF
PASS name=dense/mxf8f6f4/e2m1xe4m3/ue8m0-default-1X peak_logical_tflops=1001.725 best_ms=5.694 sass=SASS_OK sass_family=QMMA.SF
PASS name=dense/mxf8f6f4/e2m1xe5m2/ue8m0-1X peak_logical_tflops=1001.702 best_ms=5.695 sass=SASS_OK sass_family=QMMA.SF
PASS name=dense/mxf8f6f4/e2m1xe5m2/ue8m0-default-1X peak_logical_tflops=1001.691 best_ms=5.695 sass=SASS_OK sass_family=QMMA.SF
PASS name=dense/mxf8f6f4/e2m1xe3m2/ue8m0-1X peak_logical_tflops=507.519 best_ms=11.239 sass=SASS_OK sass_family=QMMA.SF
PASS name=dense/mxf8f6f4/e2m1xe3m2/ue8m0-default-1X peak_logical_tflops=507.428 best_ms=11.242 sass=SASS_OK sass_family=QMMA.SF
PASS name=dense/mxf8f6f4/e2m1xe2m3/ue8m0-1X peak_logical_tflops=507.519 best_ms=11.239 sass=SASS_OK sass_family=QMMA.SF
PASS name=dense/mxf8f6f4/e2m1xe2m3/ue8m0-default-1X peak_logical_tflops=507.596 best_ms=11.238 sass=SASS_OK sass_family=QMMA.SF
PASS name=dense/mxf8f6f4/e2m1xe2m1/ue8m0-1X peak_logical_tflops=507.598 best_ms=11.238 sass=SASS_OK sass_family=QMMA.SF
PASS name=dense/mxf8f6f4/e2m1xe2m1/ue8m0-default-1X peak_logical_tflops=507.598 best_ms=11.238 sass=SASS_OK sass_family=QMMA.SF
PASS name=dense/mxf4/e2m1xe2m1/ue8m0-2X peak_logical_tflops=2003.348 best_ms=5.695 sass=SASS_OK sass_family=OMMA.SF
PASS name=dense/mxf4/e2m1xe2m1/ue8m0-default-2X peak_logical_tflops=2003.393 best_ms=5.695 sass=SASS_OK sass_family=OMMA.SF
PASS name=dense/mxf4nvf4/e2m1xe2m1/ue8m0-2X peak_logical_tflops=2004.069 best_ms=5.693 sass=SASS_OK sass_family=OMMA.SF
FAIL_DOCUMENTED name=dense/mxf4nvf4/e2m1xe2m1/ue8m0-4X error="CUDA_ERROR_UNSUPPORTED_PTX_VERSION: the provided PTX was compiled with an unsupported toolchain."
PASS name=dense/mxf4nvf4/e2m1xe2m1/ue4m3-4X peak_logical_tflops=2004.114 best_ms=5.693 sass=SASS_OK sass_family=OMMA.SF
PASS name=sparse/fp8/sp/k64/e4m3xe4m3/acc-f32 peak_logical_tflops=1014.876 best_ms=11.241 sass=SASS_OK sass_family=QMMA.SP
PASS name=sparse/fp8/sp/k64/e4m3xe5m2/acc-f32 peak_logical_tflops=1014.486 best_ms=11.246 sass=SASS_OK sass_family=QMMA.SP
PASS name=sparse/fp8/sp/k64/e5m2xe4m3/acc-f32 peak_logical_tflops=1014.683 best_ms=11.243 sass=SASS_OK sass_family=QMMA.SP
PASS name=sparse/fp8/sp/k64/e5m2xe5m2/acc-f32 peak_logical_tflops=1014.553 best_ms=11.245 sass=SASS_OK sass_family=QMMA.SP
PASS name=sparse/fp8/sp::ordered_metadata/k64/e4m3xe4m3/acc-f32 peak_logical_tflops=1015.110 best_ms=11.239 sass=SASS_OK sass_family=QMMA.SP
PASS name=sparse/fp8/sp::ordered_metadata/k64/e4m3xe5m2/acc-f32 peak_logical_tflops=1014.642 best_ms=11.244 sass=SASS_OK sass_family=QMMA.SP
PASS name=sparse/fp8/sp::ordered_metadata/k64/e5m2xe4m3/acc-f32 peak_logical_tflops=1014.556 best_ms=11.245 sass=SASS_OK sass_family=QMMA.SP
PASS name=sparse/fp8/sp::ordered_metadata/k64/e5m2xe5m2/acc-f32 peak_logical_tflops=1014.351 best_ms=11.247 sass=SASS_OK sass_family=QMMA.SP
PASS name=sparse/f8f6f4/sp::ordered_metadata/e4m3xe4m3/acc-f16 peak_logical_tflops=2000.572 best_ms=5.703 sass=SASS_OK sass_family=QMMA.SP
PASS name=sparse/f8f6f4/sp::ordered_metadata/e4m3xe4m3/acc-f32 peak_logical_tflops=1014.917 best_ms=11.241 sass=SASS_OK sass_family=QMMA.SP
PASS name=sparse/f8f6f4/sp::ordered_metadata/e4m3xe5m2/acc-f16 peak_logical_tflops=2000.459 best_ms=5.703 sass=SASS_OK sass_family=QMMA.SP
PASS name=sparse/f8f6f4/sp::ordered_metadata/e4m3xe5m2/acc-f32 peak_logical_tflops=1014.466 best_ms=11.246 sass=SASS_OK sass_family=QMMA.SP
PASS name=sparse/f8f6f4/sp::ordered_metadata/e4m3xe3m2/acc-f16 peak_logical_tflops=2000.414 best_ms=5.703 sass=SASS_OK sass_family=QMMA.SP
PASS name=sparse/f8f6f4/sp::ordered_metadata/e4m3xe3m2/acc-f32 peak_logical_tflops=1015.159 best_ms=11.238 sass=SASS_OK sass_family=QMMA.SP
PASS name=sparse/f8f6f4/sp::ordered_metadata/e4m3xe2m3/acc-f16 peak_logical_tflops=2000.459 best_ms=5.703 sass=SASS_OK sass_family=QMMA.SP
PASS name=sparse/f8f6f4/sp::ordered_metadata/e4m3xe2m3/acc-f32 peak_logical_tflops=1014.683 best_ms=11.243 sass=SASS_OK sass_family=QMMA.SP
PASS name=sparse/f8f6f4/sp::ordered_metadata/e4m3xe2m1/acc-f16 peak_logical_tflops=2000.807 best_ms=5.702 sass=SASS_OK sass_family=QMMA.SP
PASS name=sparse/f8f6f4/sp::ordered_metadata/e4m3xe2m1/acc-f32 peak_logical_tflops=1014.971 best_ms=11.240 sass=SASS_OK sass_family=QMMA.SP
PASS name=sparse/f8f6f4/sp::ordered_metadata/e5m2xe4m3/acc-f16 peak_logical_tflops=2000.392 best_ms=5.703 sass=SASS_OK sass_family=QMMA.SP
PASS name=sparse/f8f6f4/sp::ordered_metadata/e5m2xe4m3/acc-f32 peak_logical_tflops=1014.998 best_ms=11.240 sass=SASS_OK sass_family=QMMA.SP
PASS name=sparse/f8f6f4/sp::ordered_metadata/e5m2xe5m2/acc-f16 peak_logical_tflops=1999.562 best_ms=5.706 sass=SASS_OK sass_family=QMMA.SP
PASS name=sparse/f8f6f4/sp::ordered_metadata/e5m2xe5m2/acc-f32 peak_logical_tflops=1014.475 best_ms=11.246 sass=SASS_OK sass_family=QMMA.SP
PASS name=sparse/f8f6f4/sp::ordered_metadata/e5m2xe3m2/acc-f16 peak_logical_tflops=2000.841 best_ms=5.702 sass=SASS_OK sass_family=QMMA.SP
PASS name=sparse/f8f6f4/sp::ordered_metadata/e5m2xe3m2/acc-f32 peak_logical_tflops=1015.050 best_ms=11.239 sass=SASS_OK sass_family=QMMA.SP
PASS name=sparse/f8f6f4/sp::ordered_metadata/e5m2xe2m3/acc-f16 peak_logical_tflops=2000.628 best_ms=5.702 sass=SASS_OK sass_family=QMMA.SP
PASS name=sparse/f8f6f4/sp::ordered_metadata/e5m2xe2m3/acc-f32 peak_logical_tflops=1014.833 best_ms=11.242 sass=SASS_OK sass_family=QMMA.SP
PASS name=sparse/f8f6f4/sp::ordered_metadata/e5m2xe2m1/acc-f16 peak_logical_tflops=2000.100 best_ms=5.704 sass=SASS_OK sass_family=QMMA.SP
PASS name=sparse/f8f6f4/sp::ordered_metadata/e5m2xe2m1/acc-f32 peak_logical_tflops=1015.128 best_ms=11.238 sass=SASS_OK sass_family=QMMA.SP
PASS name=sparse/f8f6f4/sp::ordered_metadata/e3m2xe4m3/acc-f16 peak_logical_tflops=2000.190 best_ms=5.704 sass=SASS_OK sass_family=QMMA.SP
PASS name=sparse/f8f6f4/sp::ordered_metadata/e3m2xe4m3/acc-f32 peak_logical_tflops=1014.865 best_ms=11.241 sass=SASS_OK sass_family=QMMA.SP
PASS name=sparse/f8f6f4/sp::ordered_metadata/e3m2xe5m2/acc-f16 peak_logical_tflops=2000.493 best_ms=5.703 sass=SASS_OK sass_family=QMMA.SP
PASS name=sparse/f8f6f4/sp::ordered_metadata/e3m2xe5m2/acc-f32 peak_logical_tflops=1015.038 best_ms=11.239 sass=SASS_OK sass_family=QMMA.SP
PASS name=sparse/f8f6f4/sp::ordered_metadata/e3m2xe3m2/acc-f16 peak_logical_tflops=1015.434 best_ms=11.235 sass=SASS_OK sass_family=QMMA.SP
PASS name=sparse/f8f6f4/sp::ordered_metadata/e3m2xe3m2/acc-f32 peak_logical_tflops=1014.957 best_ms=11.240 sass=SASS_OK sass_family=QMMA.SP
PASS name=sparse/f8f6f4/sp::ordered_metadata/e3m2xe2m3/acc-f16 peak_logical_tflops=1015.781 best_ms=11.231 sass=SASS_OK sass_family=QMMA.SP
PASS name=sparse/f8f6f4/sp::ordered_metadata/e3m2xe2m3/acc-f32 peak_logical_tflops=1014.957 best_ms=11.240 sass=SASS_OK sass_family=QMMA.SP
PASS name=sparse/f8f6f4/sp::ordered_metadata/e3m2xe2m1/acc-f16 peak_logical_tflops=1015.738 best_ms=11.232 sass=SASS_OK sass_family=QMMA.SP
PASS name=sparse/f8f6f4/sp::ordered_metadata/e3m2xe2m1/acc-f32 peak_logical_tflops=1019.569 best_ms=11.190 sass=SASS_OK sass_family=QMMA.SP
PASS name=sparse/f8f6f4/sp::ordered_metadata/e2m3xe4m3/acc-f16 peak_logical_tflops=2001.380 best_ms=5.700 sass=SASS_OK sass_family=QMMA.SP
PASS name=sparse/f8f6f4/sp::ordered_metadata/e2m3xe4m3/acc-f32 peak_logical_tflops=1014.862 best_ms=11.241 sass=SASS_OK sass_family=QMMA.SP
PASS name=sparse/f8f6f4/sp::ordered_metadata/e2m3xe5m2/acc-f16 peak_logical_tflops=2000.964 best_ms=5.702 sass=SASS_OK sass_family=QMMA.SP
PASS name=sparse/f8f6f4/sp::ordered_metadata/e2m3xe5m2/acc-f32 peak_logical_tflops=1014.960 best_ms=11.240 sass=SASS_OK sass_family=QMMA.SP
PASS name=sparse/f8f6f4/sp::ordered_metadata/e2m3xe3m2/acc-f16 peak_logical_tflops=1015.544 best_ms=11.234 sass=SASS_OK sass_family=QMMA.SP
PASS name=sparse/f8f6f4/sp::ordered_metadata/e2m3xe3m2/acc-f32 peak_logical_tflops=1015.206 best_ms=11.238 sass=SASS_OK sass_family=QMMA.SP
PASS name=sparse/f8f6f4/sp::ordered_metadata/e2m3xe2m3/acc-f16 peak_logical_tflops=1015.796 best_ms=11.231 sass=SASS_OK sass_family=QMMA.SP
PASS name=sparse/f8f6f4/sp::ordered_metadata/e2m3xe2m3/acc-f32 peak_logical_tflops=1015.168 best_ms=11.238 sass=SASS_OK sass_family=QMMA.SP
PASS name=sparse/f8f6f4/sp::ordered_metadata/e2m3xe2m1/acc-f16 peak_logical_tflops=1015.339 best_ms=11.236 sass=SASS_OK sass_family=QMMA.SP
PASS name=sparse/f8f6f4/sp::ordered_metadata/e2m3xe2m1/acc-f32 peak_logical_tflops=1015.044 best_ms=11.239 sass=SASS_OK sass_family=QMMA.SP
PASS name=sparse/f8f6f4/sp::ordered_metadata/e2m1xe4m3/acc-f16 peak_logical_tflops=2001.043 best_ms=5.701 sass=SASS_OK sass_family=QMMA.SP
PASS name=sparse/f8f6f4/sp::ordered_metadata/e2m1xe4m3/acc-f32 peak_logical_tflops=1015.165 best_ms=11.238 sass=SASS_OK sass_family=QMMA.SP
PASS name=sparse/f8f6f4/sp::ordered_metadata/e2m1xe5m2/acc-f16 peak_logical_tflops=2000.976 best_ms=5.701 sass=SASS_OK sass_family=QMMA.SP
PASS name=sparse/f8f6f4/sp::ordered_metadata/e2m1xe5m2/acc-f32 peak_logical_tflops=1015.055 best_ms=11.239 sass=SASS_OK sass_family=QMMA.SP
PASS name=sparse/f8f6f4/sp::ordered_metadata/e2m1xe3m2/acc-f16 peak_logical_tflops=1015.799 best_ms=11.231 sass=SASS_OK sass_family=QMMA.SP
PASS name=sparse/f8f6f4/sp::ordered_metadata/e2m1xe3m2/acc-f32 peak_logical_tflops=1015.168 best_ms=11.238 sass=SASS_OK sass_family=QMMA.SP
PASS name=sparse/f8f6f4/sp::ordered_metadata/e2m1xe2m3/acc-f16 peak_logical_tflops=1015.344 best_ms=11.236 sass=SASS_OK sass_family=QMMA.SP
PASS name=sparse/f8f6f4/sp::ordered_metadata/e2m1xe2m3/acc-f32 peak_logical_tflops=1015.130 best_ms=11.238 sass=SASS_OK sass_family=QMMA.SP
PASS name=sparse/f8f6f4/sp::ordered_metadata/e2m1xe2m1/acc-f16 peak_logical_tflops=1015.677 best_ms=11.232 sass=SASS_OK sass_family=QMMA.SP
PASS name=sparse/f8f6f4/sp::ordered_metadata/e2m1xe2m1/acc-f32 peak_logical_tflops=1015.159 best_ms=11.238 sass=SASS_OK sass_family=QMMA.SP
PASS name=sparse/mxf8f6f4/e4m3xe4m3/ue8m0-1X peak_logical_tflops=1986.349 best_ms=5.743 sass=SASS_OK sass_family=QMMA.SF.SP
PASS name=sparse/mxf8f6f4/e4m3xe4m3/ue8m0-default-1X peak_logical_tflops=1986.714 best_ms=5.742 sass=SASS_OK sass_family=QMMA.SF.SP
PASS name=sparse/mxf8f6f4/e4m3xe5m2/ue8m0-1X peak_logical_tflops=1986.725 best_ms=5.742 sass=SASS_OK sass_family=QMMA.SF.SP
PASS name=sparse/mxf8f6f4/e4m3xe5m2/ue8m0-default-1X peak_logical_tflops=1986.371 best_ms=5.743 sass=SASS_OK sass_family=QMMA.SF.SP
PASS name=sparse/mxf8f6f4/e4m3xe3m2/ue8m0-1X peak_logical_tflops=1985.630 best_ms=5.746 sass=SASS_OK sass_family=QMMA.SF.SP
PASS name=sparse/mxf8f6f4/e4m3xe3m2/ue8m0-default-1X peak_logical_tflops=1985.696 best_ms=5.745 sass=SASS_OK sass_family=QMMA.SF.SP
PASS name=sparse/mxf8f6f4/e4m3xe2m3/ue8m0-1X peak_logical_tflops=1985.641 best_ms=5.746 sass=SASS_OK sass_family=QMMA.SF.SP
PASS name=sparse/mxf8f6f4/e4m3xe2m3/ue8m0-default-1X peak_logical_tflops=1986.371 best_ms=5.743 sass=SASS_OK sass_family=QMMA.SF.SP
PASS name=sparse/mxf8f6f4/e4m3xe2m1/ue8m0-1X peak_logical_tflops=1984.591 best_ms=5.749 sass=SASS_OK sass_family=QMMA.SF.SP
PASS name=sparse/mxf8f6f4/e4m3xe2m1/ue8m0-default-1X peak_logical_tflops=1985.386 best_ms=5.746 sass=SASS_OK sass_family=QMMA.SF.SP
PASS name=sparse/mxf8f6f4/e5m2xe4m3/ue8m0-1X peak_logical_tflops=1986.360 best_ms=5.743 sass=SASS_OK sass_family=QMMA.SF.SP
PASS name=sparse/mxf8f6f4/e5m2xe4m3/ue8m0-default-1X peak_logical_tflops=1985.630 best_ms=5.746 sass=SASS_OK sass_family=QMMA.SF.SP
PASS name=sparse/mxf8f6f4/e5m2xe5m2/ue8m0-1X peak_logical_tflops=1986.105 best_ms=5.744 sass=SASS_OK sass_family=QMMA.SF.SP
PASS name=sparse/mxf8f6f4/e5m2xe5m2/ue8m0-default-1X peak_logical_tflops=1986.758 best_ms=5.742 sass=SASS_OK sass_family=QMMA.SF.SP
PASS name=sparse/mxf8f6f4/e5m2xe3m2/ue8m0-1X peak_logical_tflops=1986.725 best_ms=5.742 sass=SASS_OK sass_family=QMMA.SF.SP
PASS name=sparse/mxf8f6f4/e5m2xe3m2/ue8m0-default-1X peak_logical_tflops=1987.091 best_ms=5.741 sass=SASS_OK sass_family=QMMA.SF.SP
PASS name=sparse/mxf8f6f4/e5m2xe2m3/ue8m0-1X peak_logical_tflops=1986.404 best_ms=5.743 sass=SASS_OK sass_family=QMMA.SF.SP
PASS name=sparse/mxf8f6f4/e5m2xe2m3/ue8m0-default-1X peak_logical_tflops=1986.017 best_ms=5.744 sass=SASS_OK sass_family=QMMA.SF.SP
PASS name=sparse/mxf8f6f4/e5m2xe2m1/ue8m0-1X peak_logical_tflops=1985.298 best_ms=5.746 sass=SASS_OK sass_family=QMMA.SF.SP
PASS name=sparse/mxf8f6f4/e5m2xe2m1/ue8m0-default-1X peak_logical_tflops=1985.995 best_ms=5.744 sass=SASS_OK sass_family=QMMA.SF.SP
PASS name=sparse/mxf8f6f4/e3m2xe4m3/ue8m0-1X peak_logical_tflops=1985.995 best_ms=5.744 sass=SASS_OK sass_family=QMMA.SF.SP
PASS name=sparse/mxf8f6f4/e3m2xe4m3/ue8m0-default-1X peak_logical_tflops=1986.028 best_ms=5.744 sass=SASS_OK sass_family=QMMA.SF.SP
PASS name=sparse/mxf8f6f4/e3m2xe5m2/ue8m0-1X peak_logical_tflops=1985.973 best_ms=5.745 sass=SASS_OK sass_family=QMMA.SF.SP
PASS name=sparse/mxf8f6f4/e3m2xe5m2/ue8m0-default-1X peak_logical_tflops=1986.028 best_ms=5.744 sass=SASS_OK sass_family=QMMA.SF.SP
PASS name=sparse/mxf8f6f4/e3m2xe3m2/ue8m0-1X peak_logical_tflops=1013.304 best_ms=11.259 sass=SASS_OK sass_family=QMMA.SF.SP
PASS name=sparse/mxf8f6f4/e3m2xe3m2/ue8m0-default-1X peak_logical_tflops=1013.120 best_ms=11.261 sass=SASS_OK sass_family=QMMA.SF.SP
PASS name=sparse/mxf8f6f4/e3m2xe2m3/ue8m0-1X peak_logical_tflops=1012.769 best_ms=11.265 sass=SASS_OK sass_family=QMMA.SF.SP
PASS name=sparse/mxf8f6f4/e3m2xe2m3/ue8m0-default-1X peak_logical_tflops=1013.223 best_ms=11.260 sass=SASS_OK sass_family=QMMA.SF.SP
PASS name=sparse/mxf8f6f4/e3m2xe2m1/ue8m0-1X peak_logical_tflops=1013.235 best_ms=11.259 sass=SASS_OK sass_family=QMMA.SF.SP
PASS name=sparse/mxf8f6f4/e3m2xe2m1/ue8m0-default-1X peak_logical_tflops=1012.941 best_ms=11.263 sass=SASS_OK sass_family=QMMA.SF.SP
PASS name=sparse/mxf8f6f4/e2m3xe4m3/ue8m0-1X peak_logical_tflops=1986.017 best_ms=5.744 sass=SASS_OK sass_family=QMMA.SF.SP
PASS name=sparse/mxf8f6f4/e2m3xe4m3/ue8m0-default-1X peak_logical_tflops=1985.121 best_ms=5.747 sass=SASS_OK sass_family=QMMA.SF.SP
PASS name=sparse/mxf8f6f4/e2m3xe5m2/ue8m0-1X peak_logical_tflops=1985.773 best_ms=5.745 sass=SASS_OK sass_family=QMMA.SF.SP
PASS name=sparse/mxf8f6f4/e2m3xe5m2/ue8m0-default-1X peak_logical_tflops=1985.331 best_ms=5.746 sass=SASS_OK sass_family=QMMA.SF.SP
PASS name=sparse/mxf8f6f4/e2m3xe3m2/ue8m0-1X peak_logical_tflops=1012.774 best_ms=11.265 sass=SASS_OK sass_family=QMMA.SF.SP
PASS name=sparse/mxf8f6f4/e2m3xe3m2/ue8m0-default-1X peak_logical_tflops=1012.596 best_ms=11.267 sass=SASS_OK sass_family=QMMA.SF.SP
PASS name=sparse/mxf8f6f4/e2m3xe2m3/ue8m0-1X peak_logical_tflops=1012.766 best_ms=11.265 sass=SASS_OK sass_family=QMMA.SF.SP
PASS name=sparse/mxf8f6f4/e2m3xe2m3/ue8m0-default-1X peak_logical_tflops=1012.875 best_ms=11.263 sass=SASS_OK sass_family=QMMA.SF.SP
PASS name=sparse/mxf8f6f4/e2m3xe2m1/ue8m0-1X peak_logical_tflops=1013.123 best_ms=11.261 sass=SASS_OK sass_family=QMMA.SF.SP
PASS name=sparse/mxf8f6f4/e2m3xe2m1/ue8m0-default-1X peak_logical_tflops=1013.281 best_ms=11.259 sass=SASS_OK sass_family=QMMA.SF.SP
PASS name=sparse/mxf8f6f4/e2m1xe4m3/ue8m0-1X peak_logical_tflops=1984.381 best_ms=5.749 sass=SASS_OK sass_family=QMMA.SF.SP
PASS name=sparse/mxf8f6f4/e2m1xe4m3/ue8m0-default-1X peak_logical_tflops=1985.287 best_ms=5.747 sass=SASS_OK sass_family=QMMA.SF.SP
PASS name=sparse/mxf8f6f4/e2m1xe5m2/ue8m0-1X peak_logical_tflops=1986.061 best_ms=5.744 sass=SASS_OK sass_family=QMMA.SF.SP
PASS name=sparse/mxf8f6f4/e2m1xe5m2/ue8m0-default-1X peak_logical_tflops=1985.309 best_ms=5.746 sass=SASS_OK sass_family=QMMA.SF.SP
PASS name=sparse/mxf8f6f4/e2m1xe3m2/ue8m0-1X peak_logical_tflops=1012.878 best_ms=11.263 sass=SASS_OK sass_family=QMMA.SF.SP
PASS name=sparse/mxf8f6f4/e2m1xe3m2/ue8m0-default-1X peak_logical_tflops=1012.700 best_ms=11.265 sass=SASS_OK sass_family=QMMA.SF.SP
PASS name=sparse/mxf8f6f4/e2m1xe2m3/ue8m0-1X peak_logical_tflops=1012.769 best_ms=11.265 sass=SASS_OK sass_family=QMMA.SF.SP
PASS name=sparse/mxf8f6f4/e2m1xe2m3/ue8m0-default-1X peak_logical_tflops=1012.677 best_ms=11.266 sass=SASS_OK sass_family=QMMA.SF.SP
PASS name=sparse/mxf8f6f4/e2m1xe2m1/ue8m0-1X peak_logical_tflops=1012.887 best_ms=11.263 sass=SASS_OK sass_family=QMMA.SF.SP
PASS name=sparse/mxf8f6f4/e2m1xe2m1/ue8m0-default-1X peak_logical_tflops=1013.097 best_ms=11.261 sass=SASS_OK sass_family=QMMA.SF.SP
PASS name=sparse/mxf4/e2m1xe2m1/ue8m0-2X peak_logical_tflops=3970.220 best_ms=5.747 sass=SASS_OK sass_family=OMMA.SF.SP
PASS name=sparse/mxf4/e2m1xe2m1/ue8m0-default-2X peak_logical_tflops=3971.613 best_ms=5.745 sass=SASS_OK sass_family=OMMA.SF.SP
PASS name=sparse/mxf4nvf4/e2m1xe2m1/ue8m0-2X peak_logical_tflops=3971.702 best_ms=5.745 sass=SASS_OK sass_family=OMMA.SF.SP
FAIL_DOCUMENTED name=sparse/mxf4nvf4/e2m1xe2m1/ue8m0-4X error="CUDA_ERROR_UNSUPPORTED_PTX_VERSION: the provided PTX was compiled with an unsupported toolchain."
PASS name=sparse/mxf4nvf4/e2m1xe2m1/ue4m3-4X peak_logical_tflops=3972.211 best_ms=5.744 sass=SASS_OK sass_family=OMMA.SF.SP
